// Jest Snapshot v1, https://goo.gl/fbAQLP

exports[`FeedsWrapper component should render correctly and match snapshot 1`] = `
<div
  className="feeds-wrapper full-width"
>
  <Header />
  <div
    className="feed-list-load-more-container"
  >
    <Connect(FeedList) />
    <Connect(LoadMore) />
  </div>
</div>
`;
